d:\pg\paju_sample_2015_250124_1\aps_k\x64\debug\aa bonder.pch
d:\pg\paju_sample_2015_250124_1\aps_k\x64\debug\vc140.pdb
d:\pg\paju_sample_2015_250124_1\aps_k\x64\debug\vc140.idb
d:\pg\paju_sample_2015_250124_1\aps_k\x64\debug\stdafx.obj
d:\pg\paju_sample_2015_250124_1\aps_k\x64\debug\aa bonder.obj
d:\pg\paju_sample_2015_250124_1\aps_k\x64\debug\ccdblemishspecdlg.obj
d:\pg\paju_sample_2015_250124_1\aps_k\x64\debug\continuousbutton.obj
d:\pg\paju_sample_2015_250124_1\aps_k\x64\debug\uvcommand.obj
d:\pg\paju_sample_2015_250124_1\aps_k\x64\debug\dibpal.obj
d:\pg\paju_sample_2015_250124_1\aps_k\x64\debug\informdlg.obj
d:\pg\paju_sample_2015_250124_1\aps_k\x64\debug\lensteaching.obj
d:\pg\paju_sample_2015_250124_1\aps_k\x64\debug\pcbteachingdis.obj
d:\pg\paju_sample_2015_250124_1\aps_k\x64\debug\csv_parser.obj
d:\pg\paju_sample_2015_250124_1\aps_k\x64\debug\ccddefectspecdlg.obj
d:\pg\paju_sample_2015_250124_1\aps_k\x64\debug\ccdsnrcolorsensspecdlg.obj
d:\pg\paju_sample_2015_250124_1\aps_k\x64\debug\diocontrol.obj
d:\pg\paju_sample_2015_250124_1\aps_k\x64\debug\graph2d_data.obj
d:\pg\paju_sample_2015_250124_1\aps_k\x64\debug\utilityfunc.obj
d:\pg\paju_sample_2015_250124_1\aps_k\x64\debug\tiltingmanualdlg.obj
d:\pg\paju_sample_2015_250124_1\aps_k\x64\debug\vision.obj
d:\pg\paju_sample_2015_250124_1\aps_k\x64\debug\barcodedlg.obj
d:\pg\paju_sample_2015_250124_1\aps_k\x64\debug\ccdsfrspecdlg.obj
d:\pg\paju_sample_2015_250124_1\aps_k\x64\debug\uvcontrol.obj
d:\pg\paju_sample_2015_250124_1\aps_k\x64\debug\globaldeclare.obj
d:\pg\paju_sample_2015_250124_1\aps_k\x64\debug\connectsocket.obj
d:\pg\paju_sample_2015_250124_1\aps_k\x64\debug\griddroptarget.obj
d:\pg\paju_sample_2015_250124_1\aps_k\x64\debug\autopousedlg.obj
d:\pg\paju_sample_2015_250124_1\aps_k\x64\debug\ccddlg.obj
d:\pg\paju_sample_2015_250124_1\aps_k\x64\debug\lightcontrol.obj
d:\pg\paju_sample_2015_250124_1\aps_k\x64\debug\forcealigndlg.obj
d:\pg\paju_sample_2015_250124_1\aps_k\x64\debug\iodlg.obj
d:\pg\paju_sample_2015_250124_1\aps_k\x64\debug\btnst.obj
d:\pg\paju_sample_2015_250124_1\aps_k\x64\debug\pcbteaching.obj
d:\pg\paju_sample_2015_250124_1\aps_k\x64\debug\serial.obj
d:\pg\paju_sample_2015_250124_1\aps_k\x64\debug\adoclass.obj
d:\pg\paju_sample_2015_250124_1\aps_k\x64\debug\delaymsgdlg.obj
d:\pg\paju_sample_2015_250124_1\aps_k\x64\debug\getnumdlg.obj
d:\pg\paju_sample_2015_250124_1\aps_k\x64\debug\insp_spec_set.obj
d:\pg\paju_sample_2015_250124_1\aps_k\x64\debug\autorepeatbutton.obj
d:\pg\paju_sample_2015_250124_1\aps_k\x64\debug\mesconnsocket.obj
d:\pg\paju_sample_2015_250124_1\aps_k\x64\debug\clientsocket.obj
d:\pg\paju_sample_2015_250124_1\aps_k\x64\debug\gridcellcombo.obj
d:\pg\paju_sample_2015_250124_1\aps_k\x64\debug\askmsgdlg2.obj
d:\pg\paju_sample_2015_250124_1\aps_k\x64\debug\ccdrispecdlg.obj
d:\pg\paju_sample_2015_250124_1\aps_k\x64\debug\uvaltiscontrol.obj
d:\pg\paju_sample_2015_250124_1\aps_k\x64\debug\dib256.obj
d:\pg\paju_sample_2015_250124_1\aps_k\x64\debug\irvledcontrol.obj
d:\pg\paju_sample_2015_250124_1\aps_k\x64\debug\lensedgedlg.obj
d:\pg\paju_sample_2015_250124_1\aps_k\x64\debug\pcsutil.obj
d:\pg\paju_sample_2015_250124_1\aps_k\x64\debug\gridcellbase.obj
d:\pg\paju_sample_2015_250124_1\aps_k\x64\debug\alarmdialog.obj
d:\pg\paju_sample_2015_250124_1\aps_k\x64\debug\datahandler.obj
d:\pg\paju_sample_2015_250124_1\aps_k\x64\debug\handler_rs232c.obj
d:\pg\paju_sample_2015_250124_1\aps_k\x64\debug\pcbdlg.obj
d:\pg\paju_sample_2015_250124_1\aps_k\x64\debug\comm_rs232c.obj
d:\pg\paju_sample_2015_250124_1\aps_k\x64\debug\ccdsfrdlg.obj
d:\pg\paju_sample_2015_250124_1\aps_k\x64\debug\inspection_alg.obj
d:\pg\paju_sample_2015_250124_1\aps_k\x64\debug\lensdlg.obj
d:\pg\paju_sample_2015_250124_1\aps_k\x64\debug\passworddlg.obj
d:\pg\paju_sample_2015_250124_1\aps_k\x64\debug\basethread.obj
d:\pg\paju_sample_2015_250124_1\aps_k\x64\debug\barcoderead.obj
d:\pg\paju_sample_2015_250124_1\aps_k\x64\debug\ccdinspmodedlg.obj
d:\pg\paju_sample_2015_250124_1\aps_k\x64\debug\dataset.obj
d:\pg\paju_sample_2015_250124_1\aps_k\x64\debug\exbutton.obj
d:\pg\paju_sample_2015_250124_1\aps_k\x64\debug\bloblabeling.obj
d:\pg\paju_sample_2015_250124_1\aps_k\x64\debug\label.obj
d:\pg\paju_sample_2015_250124_1\aps_k\x64\debug\lightdlg.obj
d:\pg\paju_sample_2015_250124_1\aps_k\x64\debug\sfrspec.obj
d:\pg\paju_sample_2015_250124_1\aps_k\x64\debug\titletip.obj
d:\pg\paju_sample_2015_250124_1\aps_k\x64\debug\askmsgdlg.obj
d:\pg\paju_sample_2015_250124_1\aps_k\x64\debug\ccdriocspecdlg.obj
d:\pg\paju_sample_2015_250124_1\aps_k\x64\debug\occontrol.obj
d:\pg\paju_sample_2015_250124_1\aps_k\x64\debug\epoxydlg.obj
d:\pg\paju_sample_2015_250124_1\aps_k\x64\debug\keypaddlg.obj
d:\pg\paju_sample_2015_250124_1\aps_k\x64\debug\timechecker.obj
d:\pg\paju_sample_2015_250124_1\aps_k\x64\debug\mandofinalsfr.obj
d:\pg\paju_sample_2015_250124_1\aps_k\x64\debug\aps_insp.obj
d:\pg\paju_sample_2015_250124_1\aps_k\x64\debug\modeldlg.obj
d:\pg\paju_sample_2015_250124_1\aps_k\x64\debug\gridctrl.obj
d:\pg\paju_sample_2015_250124_1\aps_k\x64\debug\autodispdlg.obj
d:\pg\paju_sample_2015_250124_1\aps_k\x64\debug\editdlg.obj
d:\pg\paju_sample_2015_250124_1\aps_k\x64\debug\graph2dwnd.obj
d:\pg\paju_sample_2015_250124_1\aps_k\x64\debug\algo_base.obj
d:\pg\paju_sample_2015_250124_1\aps_k\x64\debug\infodlg.obj
d:\pg\paju_sample_2015_250124_1\aps_k\x64\debug\marksetdlg.obj
d:\pg\paju_sample_2015_250124_1\aps_k\x64\debug\listensocket.obj
d:\pg\paju_sample_2015_250124_1\aps_k\x64\debug\inplaceedit.obj
d:\pg\paju_sample_2015_250124_1\aps_k\x64\debug\aa bonderdlg.obj
d:\pg\paju_sample_2015_250124_1\aps_k\x64\debug\miu.obj
d:\pg\paju_sample_2015_250124_1\aps_k\x64\debug\gridcell.obj
d:\pg\paju_sample_2015_250124_1\aps_k\x64\debug\axlmotorset.obj
d:\pg\paju_sample_2015_250124_1\aps_k\x64\debug\graph2d_resource.obj
d:\pg\paju_sample_2015_250124_1\aps_k\x64\debug\logthread.obj
d:\pg\paju_sample_2015_250124_1\aps_k\x64\debug\gridcellcheck.obj
d:\pg\paju_sample_2015_250124_1\aps_k\x64\debug\ccdchartspecdlg.obj
d:\pg\paju_sample_2015_250124_1\aps_k\x64\debug\chartsetdlg.obj
d:\pg\paju_sample_2015_250124_1\aps_k\x64\debug\displacementdlg.obj
d:\pg\paju_sample_2015_250124_1\aps_k\x64\debug\graph2dextendwnd.obj
d:\pg\paju_sample_2015_250124_1\aps_k\x64\debug\cdemosaic.obj
d:\pg\paju_sample_2015_250124_1\aps_k\x64\debug\pcbprocess2.obj
d:\pg\paju_sample_2015_250124_1\aps_k\x64\debug\keyencesensor.obj
d:\pg\paju_sample_2015_250124_1\x64\debug\aa bonder.ilk
d:\pg\paju_sample_2015_250124_1\x64\debug\aa bonder.exe
d:\pg\paju_sample_2015_250124_1\x64\debug\aa bonder.pdb
d:\pg\paju_sample_2015_250124_1\aps_k\x64\debug\aa bonder.res
d:\pg\paju_sample_2015_250206_1\aps_k\x64\debug\aa bonder.obj
d:\pg\paju_sample_2015_250206_1\aps_k\x64\debug\aa bonderdlg.obj
d:\pg\paju_sample_2015_250206_1\aps_k\x64\debug\adoclass.obj
d:\pg\paju_sample_2015_250206_1\aps_k\x64\debug\alarmdialog.obj
d:\pg\paju_sample_2015_250206_1\aps_k\x64\debug\algo_base.obj
d:\pg\paju_sample_2015_250206_1\aps_k\x64\debug\aps_insp.obj
d:\pg\paju_sample_2015_250206_1\aps_k\x64\debug\askmsgdlg.obj
d:\pg\paju_sample_2015_250206_1\aps_k\x64\debug\askmsgdlg2.obj
d:\pg\paju_sample_2015_250206_1\aps_k\x64\debug\autodispdlg.obj
d:\pg\paju_sample_2015_250206_1\aps_k\x64\debug\autopousedlg.obj
d:\pg\paju_sample_2015_250206_1\aps_k\x64\debug\autorepeatbutton.obj
d:\pg\paju_sample_2015_250206_1\aps_k\x64\debug\axlmotorset.obj
d:\pg\paju_sample_2015_250206_1\aps_k\x64\debug\barcodedlg.obj
d:\pg\paju_sample_2015_250206_1\aps_k\x64\debug\barcoderead.obj
d:\pg\paju_sample_2015_250206_1\aps_k\x64\debug\basethread.obj
d:\pg\paju_sample_2015_250206_1\aps_k\x64\debug\bloblabeling.obj
d:\pg\paju_sample_2015_250206_1\aps_k\x64\debug\btnst.obj
d:\pg\paju_sample_2015_250206_1\aps_k\x64\debug\ccdblemishspecdlg.obj
d:\pg\paju_sample_2015_250206_1\aps_k\x64\debug\ccdchartspecdlg.obj
d:\pg\paju_sample_2015_250206_1\aps_k\x64\debug\ccddefectspecdlg.obj
d:\pg\paju_sample_2015_250206_1\aps_k\x64\debug\ccddlg.obj
d:\pg\paju_sample_2015_250206_1\aps_k\x64\debug\ccdinspmodedlg.obj
d:\pg\paju_sample_2015_250206_1\aps_k\x64\debug\ccdriocspecdlg.obj
d:\pg\paju_sample_2015_250206_1\aps_k\x64\debug\ccdrispecdlg.obj
d:\pg\paju_sample_2015_250206_1\aps_k\x64\debug\ccdsfrdlg.obj
d:\pg\paju_sample_2015_250206_1\aps_k\x64\debug\ccdsfrspecdlg.obj
d:\pg\paju_sample_2015_250206_1\aps_k\x64\debug\ccdsnrcolorsensspecdlg.obj
d:\pg\paju_sample_2015_250206_1\aps_k\x64\debug\cdemosaic.obj
d:\pg\paju_sample_2015_250206_1\aps_k\x64\debug\chartsetdlg.obj
d:\pg\paju_sample_2015_250206_1\aps_k\x64\debug\clientsocket.obj
d:\pg\paju_sample_2015_250206_1\aps_k\x64\debug\comm_rs232c.obj
d:\pg\paju_sample_2015_250206_1\aps_k\x64\debug\connectsocket.obj
d:\pg\paju_sample_2015_250206_1\aps_k\x64\debug\continuousbutton.obj
d:\pg\paju_sample_2015_250206_1\aps_k\x64\debug\csv_parser.obj
d:\pg\paju_sample_2015_250206_1\aps_k\x64\debug\datahandler.obj
d:\pg\paju_sample_2015_250206_1\aps_k\x64\debug\dataset.obj
d:\pg\paju_sample_2015_250206_1\aps_k\x64\debug\delaymsgdlg.obj
d:\pg\paju_sample_2015_250206_1\aps_k\x64\debug\dib256.obj
d:\pg\paju_sample_2015_250206_1\aps_k\x64\debug\dibpal.obj
d:\pg\paju_sample_2015_250206_1\aps_k\x64\debug\diocontrol.obj
d:\pg\paju_sample_2015_250206_1\aps_k\x64\debug\displacementdlg.obj
d:\pg\paju_sample_2015_250206_1\aps_k\x64\debug\editdlg.obj
d:\pg\paju_sample_2015_250206_1\aps_k\x64\debug\epoxydlg.obj
d:\pg\paju_sample_2015_250206_1\aps_k\x64\debug\exbutton.obj
d:\pg\paju_sample_2015_250206_1\aps_k\x64\debug\forcealigndlg.obj
d:\pg\paju_sample_2015_250206_1\aps_k\x64\debug\getnumdlg.obj
d:\pg\paju_sample_2015_250206_1\aps_k\x64\debug\globaldeclare.obj
d:\pg\paju_sample_2015_250206_1\aps_k\x64\debug\graph2dextendwnd.obj
d:\pg\paju_sample_2015_250206_1\aps_k\x64\debug\graph2dwnd.obj
d:\pg\paju_sample_2015_250206_1\aps_k\x64\debug\graph2d_data.obj
d:\pg\paju_sample_2015_250206_1\aps_k\x64\debug\graph2d_resource.obj
d:\pg\paju_sample_2015_250206_1\aps_k\x64\debug\gridcell.obj
d:\pg\paju_sample_2015_250206_1\aps_k\x64\debug\gridcellbase.obj
d:\pg\paju_sample_2015_250206_1\aps_k\x64\debug\gridcellcheck.obj
d:\pg\paju_sample_2015_250206_1\aps_k\x64\debug\gridcellcombo.obj
d:\pg\paju_sample_2015_250206_1\aps_k\x64\debug\gridctrl.obj
d:\pg\paju_sample_2015_250206_1\aps_k\x64\debug\griddroptarget.obj
d:\pg\paju_sample_2015_250206_1\aps_k\x64\debug\handler_rs232c.obj
d:\pg\paju_sample_2015_250206_1\aps_k\x64\debug\infodlg.obj
d:\pg\paju_sample_2015_250206_1\aps_k\x64\debug\informdlg.obj
d:\pg\paju_sample_2015_250206_1\aps_k\x64\debug\inplaceedit.obj
d:\pg\paju_sample_2015_250206_1\aps_k\x64\debug\inspection_alg.obj
d:\pg\paju_sample_2015_250206_1\aps_k\x64\debug\insp_spec_set.obj
d:\pg\paju_sample_2015_250206_1\aps_k\x64\debug\iodlg.obj
d:\pg\paju_sample_2015_250206_1\aps_k\x64\debug\irvledcontrol.obj
d:\pg\paju_sample_2015_250206_1\aps_k\x64\debug\keyencesensor.obj
d:\pg\paju_sample_2015_250206_1\aps_k\x64\debug\keypaddlg.obj
d:\pg\paju_sample_2015_250206_1\aps_k\x64\debug\label.obj
d:\pg\paju_sample_2015_250206_1\aps_k\x64\debug\lensdlg.obj
d:\pg\paju_sample_2015_250206_1\aps_k\x64\debug\lensedgedlg.obj
d:\pg\paju_sample_2015_250206_1\aps_k\x64\debug\lensteaching.obj
d:\pg\paju_sample_2015_250206_1\aps_k\x64\debug\lightcontrol.obj
d:\pg\paju_sample_2015_250206_1\aps_k\x64\debug\lightdlg.obj
d:\pg\paju_sample_2015_250206_1\aps_k\x64\debug\listensocket.obj
d:\pg\paju_sample_2015_250206_1\aps_k\x64\debug\logthread.obj
d:\pg\paju_sample_2015_250206_1\aps_k\x64\debug\mandofinalsfr.obj
d:\pg\paju_sample_2015_250206_1\aps_k\x64\debug\marksetdlg.obj
d:\pg\paju_sample_2015_250206_1\aps_k\x64\debug\mesconnsocket.obj
d:\pg\paju_sample_2015_250206_1\aps_k\x64\debug\miu.obj
d:\pg\paju_sample_2015_250206_1\aps_k\x64\debug\modeldlg.obj
d:\pg\paju_sample_2015_250206_1\aps_k\x64\debug\occontrol.obj
d:\pg\paju_sample_2015_250206_1\aps_k\x64\debug\passworddlg.obj
d:\pg\paju_sample_2015_250206_1\aps_k\x64\debug\pcbdlg.obj
d:\pg\paju_sample_2015_250206_1\aps_k\x64\debug\pcbprocess2.obj
d:\pg\paju_sample_2015_250206_1\aps_k\x64\debug\pcbteaching.obj
d:\pg\paju_sample_2015_250206_1\aps_k\x64\debug\pcbteachingdis.obj
d:\pg\paju_sample_2015_250206_1\aps_k\x64\debug\pcsutil.obj
d:\pg\paju_sample_2015_250206_1\aps_k\x64\debug\serial.obj
d:\pg\paju_sample_2015_250206_1\aps_k\x64\debug\sfrspec.obj
d:\pg\paju_sample_2015_250206_1\aps_k\x64\debug\stdafx.obj
d:\pg\paju_sample_2015_250206_1\aps_k\x64\debug\tiltingmanualdlg.obj
d:\pg\paju_sample_2015_250206_1\aps_k\x64\debug\timechecker.obj
d:\pg\paju_sample_2015_250206_1\aps_k\x64\debug\titletip.obj
d:\pg\paju_sample_2015_250206_1\aps_k\x64\debug\utilityfunc.obj
d:\pg\paju_sample_2015_250206_1\aps_k\x64\debug\uvaltiscontrol.obj
d:\pg\paju_sample_2015_250206_1\aps_k\x64\debug\uvcommand.obj
d:\pg\paju_sample_2015_250206_1\aps_k\x64\debug\uvcontrol.obj
d:\pg\paju_sample_2015_250206_1\aps_k\x64\debug\vision.obj
d:\pg\paju_sample_2015_250206_1\aps_k\x64\debug\aa bonderdlg.obj.enc
d:\pg\paju_sample_2015_250206_1\aps_k\x64\debug\msado15.tli
d:\pg\paju_sample_2015_250206_1\aps_k\x64\debug\msado15.tlh
d:\pg\paju_sample_2015_250206_1\aps_k\x64\debug\aa bonder.res
d:\pg\paju_sample_2015_250206_1\aps_k\x64\debug\aa bonder.pch
d:\pg\paju_sample_2015_250206_1\aps_k\x64\debug\vc140.idb
d:\pg\paju_sample_2015_250206_1\aps_k\x64\debug\vc140.pdb
d:\pg\paju_sample_2015_250206_1\x64\debug\aa bonder.pdb
d:\pg\paju_sample_2015_250206_1\x64\debug\aa bonder.exe
d:\pg\paju_sample_2015_250206_1\x64\debug\aa bonder.ilk
d:\pg\paju_sample_2015_250206_1\aps_k\x64\debug\aa bonder.tlog\cl.command.1.tlog
d:\pg\paju_sample_2015_250206_1\aps_k\x64\debug\aa bonder.tlog\cl.read.1.tlog
d:\pg\paju_sample_2015_250206_1\aps_k\x64\debug\aa bonder.tlog\cl.write.1.tlog
d:\pg\paju_sample_2015_250206_1\aps_k\x64\debug\aa bonder.tlog\link.command.1.tlog
d:\pg\paju_sample_2015_250206_1\aps_k\x64\debug\aa bonder.tlog\link.read.1.tlog
d:\pg\paju_sample_2015_250206_1\aps_k\x64\debug\aa bonder.tlog\link.write.1.tlog
d:\pg\paju_sample_2015_250206_1\aps_k\x64\debug\aa bonder.tlog\rc.command.1.tlog
d:\pg\paju_sample_2015_250206_1\aps_k\x64\debug\aa bonder.tlog\rc.read.1.tlog
d:\pg\paju_sample_2015_250206_1\aps_k\x64\debug\aa bonder.tlog\rc.write.1.tlog
